app/courses/[id].tsx(60,42): error TS2339: Property 'title' does not exist on type '{}'.
app/courses/[id].tsx(61,48): error TS2339: Property 'description' does not exist on type '{}'.
app/courses/[id].tsx(63,29): error TS2339: Property 'teacher' does not exist on type '{}'.
app/courses/[id].tsx(66,10): error TS18046: 'content' is of type 'unknown'.
app/courses/[id].tsx(66,23): error TS7006: Parameter 'item' implicitly has an 'any' type.
app/live/[id].tsx(42,53): error TS2339: Property 'id' does not exist on type '{}'.
app/live/[id].tsx(54,53): error TS2339: Property 'id' does not exist on type '{}'.
app/live/[id].tsx(64,55): error TS2339: Property 'title' does not exist on type '{}'.
app/live/[id].tsx(66,20): error TS2339: Property 'teacher' does not exist on type '{}'.
app/live/[id].tsx(94,57): error TS2339: Property 'stream_url' does not exist on type '{}'.
hooks/useAuth.ts(2,10): error TS2459: Module '"../contexts/AuthContext"' declares 'AuthContext' locally, but it is not exported.
store/index.ts(1,32): error TS2307: Cannot find module '@reduxjs/toolkit' or its corresponding type declarations.
store/index.ts(2,23): error TS2307: Cannot find module './slices/authSlice' or its corresponding type declarations.
store/index.ts(3,26): error TS2307: Cannot find module './slices/coursesSlice' or its corresponding type declarations.
store/index.ts(4,23): error TS2307: Cannot find module './slices/liveSlice' or its corresponding type declarations.
store/index.ts(13,16): error TS7006: Parameter 'getDefaultMiddleware' implicitly has an 'any' type.
